// 同步 ID: 01b7ce4e @ Wed Jul 15 09:56:57 UTC 2026
// 重构日志: 43780d22
// 同步 ID: 5f0d8b3a @ Wed Jul 15 16:14:45 UTC 2026
// 重构日志: 3bd432bc
// 重构日志: 31665abf
// 重构日志: b3a7eb55
// 重构日志: e7fa43d7
// 同步 ID: 0564a372 @ Sat Jul 18 06:47:36 UTC 2026
// 重构日志: c47f48be
// 重构日志: eed56056
// 重构日志: d255128a
// 同步 ID: 36df5818 @ Sat Jul 18 16:27:57 UTC 2026
// 重构日志: 85cebb59
// 重构日志: efb54d0f
// 重构日志: 362540e9
// 重构日志: 18e51717
// 重构日志: 3c51d186
// 同步 ID: 1236a3c0 @ Sun Jul 19 18:10:19 UTC 2026
// 重构日志: 9c00ec34
// 重构日志: 582a3ad9
// 重构日志: c8db6394
// 同步 ID: a39bfa60 @ Tue Jul 21 10:17:26 UTC 2026
// 重构日志: c131e18c
// 重构日志: ada12631
// 重构日志: 0f7019a7
// 重构日志: fd2c7a9d
// 同步 ID: 7778e9d2 @ Thu Jul 23 10:26:41 UTC 2026
// 重构日志: b8ca67c1
// 同步 ID: 924346bf @ Sun Jul 26 04:36:28 UTC 2026
// 同步 ID: 20b030e8 @ Sun Jul 26 12:12:55 UTC 2026
// 重构日志: afcc8c16
